../Core/Src/BQ769x2.c:49:6:BQ769x2_InitState	20	static
../Core/Src/BQ769x2.c:66:15:Checksum	0	static
../Core/Src/BQ769x2.c:80:15:CRC8	20	static
../Core/Src/BQ769x2.c:101:6:I2C_WriteReg	96	static
../Core/Src/BQ769x2.c:137:5:I2C_BQ769x2_ReadReg	136	static
../Core/Src/BQ769x2.c:187:6:BQ769x2_SetRegister	48	static
../Core/Src/BQ769x2.c:231:6:BQ769x2_CommandSubcommand	16	static
../Core/Src/BQ769x2.c:246:6:BQ769x2_ReadReg	16	static
../Core/Src/BQ769x2.c:266:6:BQ769x2_Subcommand	24	static
../Core/Src/BQ769x2.c:306:6:BQ769x2_DirectCommand	16	static
../Core/Src/BQ769x2.c:327:10:BQ769x2_ReadUnsignedRegister	8	static
../Core/Src/BQ769x2.c:341:9:BQ769x2_ReadSignedRegister	8	static
../Core/Src/BQ769x2.c:354:7:BQ769x2_ReadFloatRegister	8	static
../Core/Src/BQ769x2.c:366:6:BQ769x2_Set_Confirm_Register	32	static
../Core/Src/BQ769x2.c:382:6:BQ769x2_Configure	16	static
../Core/Src/BQ769x2.c:565:6:BQ769x2_ForceDisableFETs	8	static
../Core/Src/BQ769x2.c:572:6:BQ769x2_AllowFETs	8	static
../Core/Src/BQ769x2.c:582:6:BQ769x2_ReadFETStatus	8	static
../Core/Src/BQ769x2.c:599:6:BQ769x2_SetShutdownPin	8	static
../Core/Src/BQ769x2.c:606:6:BQ769x2_ResetShutdownPin	8	static
../Core/Src/BQ769x2.c:641:6:BQ769x2_EnterShutDown	8	static
../Core/Src/BQ769x2.c:649:9:BQ769x2_Reset	16	static
../Core/Src/BQ769x2.c:671:6:BQ769x2_SoftWake	16	static
../Core/Src/BQ769x2.c:679:6:BQ769x2_ClearFullScan	8	static
../Core/Src/BQ769x2.c:689:10:BQ769x2_ReadControlStatus	8	static
../Core/Src/BQ769x2.c:611:9:BQ769x2_EnterDeepSleep	16	static
../Core/Src/BQ769x2.c:624:9:BQ769x2_Wake	16	static
../Core/Src/BQ769x2.c:695:10:BQ769x2_ReadAlarmStatus	8	static
../Core/Src/BQ769x2.c:701:10:BQ769x2_ReadRawAlarmStatus	8	static
../Core/Src/BQ769x2.c:707:6:BQ769x2_ReadBatteryStatus	8	static
../Core/Src/BQ769x2.c:543:9:BQ769x2_Initialize	8	static
../Core/Src/BQ769x2.c:661:9:BQ769x2_Ready	8	static
../Core/Src/BQ769x2.c:715:10:BQ769x2_ReadDeviceNumber	8	static
../Core/Src/BQ769x2.c:722:9:BQ769x2_ReadSafetyStatus	32	static
../Core/Src/BQ769x2.c:750:6:BQ769x2_ReadPFStatus	16	static
../Core/Src/BQ769x2.c:766:10:BQ769x2_ReadVoltage	16	static
../Core/Src/BQ769x2.c:778:6:BQ769x2_ReadAllVoltages	24	static
../Core/Src/BQ769x2.c:789:9:BQ769x2_ReadCurrent	8	static
../Core/Src/BQ769x2.c:795:7:BQ769x2_ReadTemperature	8	static
../Core/Src/BQ769x2.c:801:6:BQ769x2_ReadBalancingStatus	8	static
../Core/Src/BQ769x2.c:807:6:BQ769x2_ReadPassQ	8	static
../Core/Src/BQ769x2.c:818:9:BQ769x2_ReadBatteryData	16	static
../Core/Src/BQ769x2.c:837:6:BQ769x2_CalcMinMaxCellV	20	static
../Core/Src/BQ769x2.c:858:6:BQ769x2_CalcMinMaxCellT	32	static
