../Core/Src/main.c:1119:6:THVD2410_Receive	8	static
../Core/Src/main.c:1114:6:THVD2410_Transmit	8	static
../Core/Src/main.c:237:6:delayUS	0	static
../Core/Src/main.c:243:6:delayMS	16	static
../Core/Src/main.c:249:6:CopyArray	8	static
../Core/Src/main.c:256:7:ReverseFloat	8	static
../Core/Src/main.c:270:10:FloatToUInt	0	static
../Core/Src/main.c:274:7:UIntToFloat	0	static
../Core/Src/main.c:278:7:unpackFloat	0	static
../Core/Src/main.c:285:15:Checksum	0	static
../Core/Src/main.c:299:15:CRC8	20	static
../Core/Src/main.c:321:6:I2C_WriteReg	96	static
../Core/Src/main.c:355:5:I2C_BQ769x2_ReadReg	120	static
../Core/Src/main.c:406:6:BQ769x2_SetRegister	48	static
../Core/Src/main.c:448:6:BQ769x2_CommandSubcommand	16	static
../Core/Src/main.c:462:6:BQ769x2_ReadReg	16	static
../Core/Src/main.c:479:6:BQ769x2_Subcommand	16	static
../Core/Src/main.c:517:6:BQ769x2_DirectCommand	16	static
../Core/Src/main.c:539:10:BQ769x2_ReadUnsignedRegister	8	static
../Core/Src/main.c:551:9:BQ769x2_ReadSignedRegister	8	static
../Core/Src/main.c:564:7:BQ769x2_ReadFloatRegister	8	static
../Core/Src/main.c:576:6:BQ769x2_Set_Confirm_Register	24	static
../Core/Src/main.c:591:6:BQ769x2_ReadBatteryStatus	8	static
../Core/Src/main.c:598:10:BQ769x2_ReadDeviceNumber	8	static
../Core/Src/main.c:604:6:BQ769x2_Configure	8	static
../Core/Src/main.c:764:9:BQ769x2_Initialize	8	static
../Core/Src/main.c:785:6:BQ769x2_ForceDisableFETs	8	static
../Core/Src/main.c:792:6:BQ769x2_AllowFETs	8	static
../Core/Src/main.c:799:6:BQ769x2_ReadFETStatus	8	static
../Core/Src/main.c:813:6:BQ769x2_SetShutdownPin	8	static
../Core/Src/main.c:819:6:BQ769x2_ResetShutdownPin	8	static
../Core/Src/main.c:856:6:BQ769x2_EnterShutDown	8	static
../Core/Src/main.c:875:9:BQ769x2_Ready	8	static
../Core/Src/main.c:885:6:BQ769x2_SoftWake	16	static
../Core/Src/main.c:896:10:BQ769x2_ReadAlarmStatus	8	static
../Core/Src/main.c:902:10:BQ769x2_ReadControlStatus	8	static
../Core/Src/main.c:826:9:BQ769x2_EnterDeepSleep	8	static
../Core/Src/main.c:839:9:BQ769x2_Wake	16	static
../Core/Src/main.c:908:10:BQ769x2_ReadRawAlarmStatus	8	static
../Core/Src/main.c:914:9:BQ769x2_ReadSafetyStatus	24	static
../Core/Src/main.c:940:6:BQ769x2_ReadPFStatus	8	static
../Core/Src/main.c:955:10:BQ769x2_ReadVoltage	8	static
../Core/Src/main.c:968:6:BQ769x2_ReadAllVoltages	16	static
../Core/Src/main.c:985:9:BQ769x2_ReadCurrent	8	static
../Core/Src/main.c:992:7:BQ769x2_ReadTemperature	8	static
../Core/Src/main.c:998:6:BQ769x2_ReadBalancingStatus	8	static
../Core/Src/main.c:1003:6:BQ769x2_ReadPassQ	8	static
../Core/Src/main.c:1014:9:BQ769x2_ReadBatteryData	16	static
../Core/Src/main.c:1033:6:BQ769x2_CalcMinMaxCellV	20	static
../Core/Src/main.c:1055:6:BQ769x2_PrintStatus	96	static
../Core/Src/main.c:1090:10:UART_CRC	20	static
../Core/Src/main.c:1271:6:UART_Respond	32	static
../Core/Src/main.c:1359:9:STM32_Wake_Button_Pressed	8	static
../Core/Src/main.c:1397:6:STM32_Stop	72	static,ignoring_inline_asm
../Core/Src/main.c:1470:6:STM32_CheckForWatchdogReset	0	static
../Core/Src/main.c:1524:6:STM32_UpdateFETLEDs	8	static
../Core/Src/main.c:1534:6:STM32_BlinkForever	16	static
../Core/Src/main.c:1542:9:STM32_ShouldStop	16	static
../Core/Src/main.c:1805:1:__io_putchar	16	static
../Core/Src/main.c:2284:6:Error_Handler	8	static,ignoring_inline_asm
../Core/Src/main.c:864:6:BQ769x2_Reset	16	static
../Core/Src/main.c:1125:6:UART_WaitForCommand	8	static
../Core/Src/main.c:2227:6:HAL_UARTEx_RxEventCallback	8	static
../Core/Src/main.c:1331:6:STM32_PetWatchdog	8	static
../Core/Src/main.c:1484:6:Sleep	8	static,ignoring_inline_asm
../Core/Src/main.c:1342:6:STM32_HandleButton	8	static
../Core/Src/main.c:1364:6:STM32_HandleInactivity	8	static
../Core/Src/main.c:1869:6:SystemClock_Config	104	static
../Core/Src/main.c:1566:5:main	72	static
../Core/Src/main.c:2242:6:HAL_UART_ErrorCallback	8	static
