../Core/Src/main.c:257:6:THVD2410_Receive	8	static
../Core/Src/main.c:252:6:THVD2410_Transmit	8	static
../Core/Src/main.c:193:6:BQ769x2_PrintStatus	96	static
../Core/Src/main.c:228:10:UART_CRC	20	static
../Core/Src/main.c:417:6:UART_Respond	40	static
../Core/Src/main.c:504:9:STM32_Wake_Button_Pressed	8	static
../Core/Src/main.c:542:6:STM32_Stop	72	static,ignoring_inline_asm
../Core/Src/main.c:614:6:STM32_CheckForWatchdogReset	0	static
../Core/Src/main.c:667:6:STM32_UpdateFETLEDs	16	static
../Core/Src/main.c:677:6:STM32_BlinkForever	24	static
../Core/Src/main.c:685:9:STM32_ShouldStop	16	static
../Core/Src/main.c:938:1:__io_putchar	24	static
../Core/Src/main.c:1417:6:Error_Handler	8	static,ignoring_inline_asm
../Core/Src/main.c:264:6:UART_WaitForCommand	8	static
../Core/Src/main.c:1360:6:HAL_UARTEx_RxEventCallback	8	static
../Core/Src/main.c:477:6:STM32_PetWatchdog	8	static
../Core/Src/main.c:628:6:Sleep	16	static,ignoring_inline_asm
../Core/Src/main.c:487:6:STM32_HandleButton	8	static
../Core/Src/main.c:509:6:STM32_HandleInactivity	16	static
../Core/Src/main.c:707:5:main	200	static
../Core/Src/main.c:1375:6:HAL_UART_ErrorCallback	8	static
