../Core/Src/stm32l0xx_hal_msp.c:64:6:HAL_MspInit	0	static
../Core/Src/stm32l0xx_hal_msp.c:87:6:HAL_ADC_MspInit	32	static
../Core/Src/stm32l0xx_hal_msp.c:121:6:HAL_ADC_MspDeInit	8	static
../Core/Src/stm32l0xx_hal_msp.c:149:6:HAL_I2C_MspInit	32	static
../Core/Src/stm32l0xx_hal_msp.c:186:6:HAL_I2C_MspDeInit	8	static
../Core/Src/stm32l0xx_hal_msp.c:216:6:HAL_RTC_MspInit	0	static
../Core/Src/stm32l0xx_hal_msp.c:239:6:HAL_RTC_MspDeInit	0	static
../Core/Src/stm32l0xx_hal_msp.c:261:6:HAL_TIM_Base_MspInit	0	static
../Core/Src/stm32l0xx_hal_msp.c:284:6:HAL_TIM_Base_MspDeInit	0	static
../Core/Src/stm32l0xx_hal_msp.c:306:6:HAL_UART_MspInit	32	static
../Core/Src/stm32l0xx_hal_msp.c:346:6:HAL_UART_MspDeInit	8	static
