../Drivers/CMSIS/Include/core_cm0plus.h:983:34:__NVIC_SystemReset	8	static,ignoring_inline_asm
../Core/Src/main.c:193:6:BQ769x2_PrintStatus	152	static
../Core/Src/main.c:228:10:UART_CRC	24	static
../Core/Src/main.c:247:6:THVD2410_Sleep	8	static
../Core/Src/main.c:252:6:THVD2410_Transmit	8	static
../Core/Src/main.c:257:6:THVD2410_Receive	8	static
../Core/Src/main.c:264:6:UART_WaitForCommand	16	static
../Core/Src/main.c:287:9:UART_PrepCellVoltageMessage	32	static
../Core/Src/main.c:323:9:UART_PrepCellBalancingMessage	40	static
../Core/Src/main.c:366:9:UART_PrepBatteryStatusMessage1	24	static
../Core/Src/main.c:392:9:UART_PrepBatteryStatusMessage2	24	static
../Core/Src/main.c:417:6:UART_Respond	48	static
../Core/Src/main.c:477:6:STM32_PetWatchdog	8	static
../Core/Src/main.c:487:6:STM32_HandleButton	8	static
../Core/Src/main.c:504:9:STM32_Wake_Button_Pressed	8	static
../Core/Src/main.c:509:6:STM32_HandleInactivity	8	static
../Core/Src/main.c:542:6:STM32_Stop	56	static
../Core/Src/main.c:614:6:STM32_CheckForWatchdogReset	8	static
../Core/Src/main.c:628:6:Sleep	8	static
../Core/Src/main.c:667:6:STM32_UpdateFETLEDs	8	static
../Core/Src/main.c:677:6:STM32_BlinkForever	16	static
../Core/Src/main.c:685:9:STM32_ShouldStop	8	static
../Core/Src/main.c:707:5:main	40	static
../Core/Src/main.c:938:1:__io_putchar	16	static
../Core/Src/main.c:959:13:EXTI0_1_IRQHandler_Config	32	static
../Core/Src/main.c:981:13:EXTI2_3_IRQHandler_Config	32	static
../Core/Src/main.c:1002:6:SystemClock_Config	112	static
../Core/Src/main.c:1052:13:MX_ADC_Init	16	static
../Core/Src/main.c:1105:13:MX_I2C1_Init	8	static
../Core/Src/main.c:1155:13:SystemPower_Config	8	static
../Core/Src/main.c:1173:13:MX_IWDG_Init	8	static
../Core/Src/main.c:1200:13:MX_TIM2_Init	32	static
../Core/Src/main.c:1243:13:MX_USART2_UART_Init	8	static
../Core/Src/main.c:1274:13:MX_RTC_Init	8	static
../Core/Src/main.c:1307:13:MX_GPIO_Init	48	static
../Core/Src/main.c:1360:6:HAL_UARTEx_RxEventCallback	16	static
../Core/Src/main.c:1375:6:HAL_UART_ErrorCallback	16	static
../Core/Src/main.c:1417:6:Error_Handler	8	static,ignoring_inline_asm
