../Drivers/CMSIS/Include/core_cm0plus.h:983:34:__NVIC_SystemReset	8	static,ignoring_inline_asm
../Core/Src/main.c:194:6:BQ769x2_PrintStatus	152	static
../Core/Src/main.c:229:10:UART_CRC	24	static
../Core/Src/main.c:248:6:THVD2410_Sleep	8	static
../Core/Src/main.c:253:6:THVD2410_Transmit	8	static
../Core/Src/main.c:258:6:THVD2410_Receive	8	static
../Core/Src/main.c:264:6:UART_WaitForCommand	16	static
../Core/Src/main.c:284:9:UART_PrepCellVoltageMessage	32	static
../Core/Src/main.c:318:9:UART_PrepCellBalancingMessage	40	static
../Core/Src/main.c:362:9:UART_PrepBatteryStatusMessage1	24	static
../Core/Src/main.c:388:9:UART_PrepBatteryStatusMessage2	24	static
../Core/Src/main.c:410:6:UART_Respond	48	static
../Core/Src/main.c:470:6:STM32_PetWatchdog	8	static
../Core/Src/main.c:480:6:STM32_HandleButton	8	static
../Core/Src/main.c:497:9:STM32_Wake_Button_Pressed	8	static
../Core/Src/main.c:502:6:STM32_HandleInactivity	8	static
../Core/Src/main.c:535:6:STM32_Stop	56	static
../Core/Src/main.c:607:6:STM32_CheckForWatchdogReset	8	static
../Core/Src/main.c:621:6:Sleep	8	static
../Core/Src/main.c:660:6:STM32_UpdateFETLEDs	8	static
../Core/Src/main.c:670:6:STM32_BlinkForever	16	static
../Core/Src/main.c:678:9:STM32_ShouldStop	8	static
../Core/Src/main.c:700:5:main	40	static
../Core/Src/main.c:951:1:__io_putchar	16	static
../Core/Src/main.c:972:13:EXTI0_1_IRQHandler_Config	32	static
../Core/Src/main.c:994:13:EXTI2_3_IRQHandler_Config	32	static
../Core/Src/main.c:1015:6:SystemClock_Config	112	static
../Core/Src/main.c:1065:13:MX_ADC_Init	16	static
../Core/Src/main.c:1118:13:MX_I2C1_Init	8	static
../Core/Src/main.c:1168:13:SystemPower_Config	8	static
../Core/Src/main.c:1186:13:MX_IWDG_Init	8	static
../Core/Src/main.c:1213:13:MX_TIM2_Init	32	static
../Core/Src/main.c:1256:13:MX_USART2_UART_Init	8	static
../Core/Src/main.c:1287:13:MX_RTC_Init	8	static
../Core/Src/main.c:1320:13:MX_GPIO_Init	48	static
../Core/Src/main.c:1373:6:HAL_UARTEx_RxEventCallback	16	static
../Core/Src/main.c:1388:6:HAL_UART_ErrorCallback	16	static
../Core/Src/main.c:1430:6:Error_Handler	8	static,ignoring_inline_asm
