../Drivers/CMSIS/Include/core_cm0plus.h:983:34:__NVIC_SystemReset	8	static,ignoring_inline_asm
../Core/Src/main.c:236:6:delayUS	16	static
../Core/Src/main.c:242:6:delayMS	24	static
../Core/Src/main.c:248:6:CopyArray	32	static
../Core/Src/main.c:255:7:ReverseFloat	32	static
../Core/Src/main.c:269:10:FloatToUInt	16	static
../Core/Src/main.c:273:7:UIntToFloat	16	static
../Core/Src/main.c:277:7:unpackFloat	24	static
../Core/Src/main.c:284:15:Checksum	24	static
../Core/Src/main.c:298:15:CRC8	24	static
../Core/Src/main.c:320:6:I2C_WriteReg	96	static
../Core/Src/main.c:354:5:I2C_BQ769x2_ReadReg	136	static
../Core/Src/main.c:405:6:BQ769x2_SetRegister	40	static
../Core/Src/main.c:447:6:BQ769x2_CommandSubcommand	24	static
../Core/Src/main.c:461:6:BQ769x2_ReadReg	32	static
../Core/Src/main.c:478:6:BQ769x2_Subcommand	32	static
../Core/Src/main.c:516:6:BQ769x2_DirectCommand	32	static
../Core/Src/main.c:538:10:BQ769x2_ReadUnsignedRegister	16	static
../Core/Src/main.c:550:9:BQ769x2_ReadSignedRegister	16	static
../Core/Src/main.c:563:7:BQ769x2_ReadFloatRegister	24	static
../Core/Src/main.c:575:6:BQ769x2_Set_Confirm_Register	24	static
../Core/Src/main.c:590:6:BQ769x2_ReadBatteryStatus	8	static
../Core/Src/main.c:597:10:BQ769x2_ReadDeviceNumber	8	static
../Core/Src/main.c:603:6:BQ769x2_Configure	8	static
../Core/Src/main.c:763:9:BQ769x2_Initialize	8	static
../Core/Src/main.c:784:6:BQ769x2_ForceDisableFETs	8	static
../Core/Src/main.c:791:6:BQ769x2_AllowFETs	8	static
../Core/Src/main.c:798:6:BQ769x2_ReadFETStatus	8	static
../Core/Src/main.c:812:6:BQ769x2_SetShutdownPin	8	static
../Core/Src/main.c:818:6:BQ769x2_ResetShutdownPin	8	static
../Core/Src/main.c:825:9:BQ769x2_EnterDeepSleep	8	static
../Core/Src/main.c:838:9:BQ769x2_Wake	8	static
../Core/Src/main.c:855:6:BQ769x2_EnterShutDown	8	static
../Core/Src/main.c:863:6:BQ769x2_Reset	16	static
../Core/Src/main.c:874:9:BQ769x2_Ready	8	static
../Core/Src/main.c:884:6:BQ769x2_SoftWake	8	static
../Core/Src/main.c:895:10:BQ769x2_ReadAlarmStatus	8	static
../Core/Src/main.c:901:10:BQ769x2_ReadControlStatus	8	static
../Core/Src/main.c:907:10:BQ769x2_ReadRawAlarmStatus	8	static
../Core/Src/main.c:913:9:BQ769x2_ReadSafetyStatus	8	static
../Core/Src/main.c:939:6:BQ769x2_ReadPFStatus	8	static
../Core/Src/main.c:954:10:BQ769x2_ReadVoltage	16	static
../Core/Src/main.c:967:6:BQ769x2_ReadAllVoltages	16	static
../Core/Src/main.c:984:9:BQ769x2_ReadCurrent	8	static
../Core/Src/main.c:991:7:BQ769x2_ReadTemperature	16	static
../Core/Src/main.c:997:6:BQ769x2_ReadBalancingStatus	8	static
../Core/Src/main.c:1002:6:BQ769x2_ReadPassQ	8	static
../Core/Src/main.c:1013:9:BQ769x2_ReadBatteryData	8	static
../Core/Src/main.c:1032:6:BQ769x2_CalcMinMaxCellV	24	static
../Core/Src/main.c:1054:6:BQ769x2_PrintStatus	144	static
../Core/Src/main.c:1089:10:UART_CRC	24	static
../Core/Src/main.c:1108:6:THVD2410_Sleep	8	static
../Core/Src/main.c:1113:6:THVD2410_Transmit	8	static
../Core/Src/main.c:1118:6:THVD2410_Receive	8	static
../Core/Src/main.c:1124:6:UART_WaitForCommand	16	static
../Core/Src/main.c:1144:9:UART_PrepCellVoltageMessage	32	static
../Core/Src/main.c:1178:9:UART_PrepCellBalancingMessage	40	static
../Core/Src/main.c:1222:9:UART_PrepBatteryStatusMessage1	24	static
../Core/Src/main.c:1248:9:UART_PrepBatteryStatusMessage2	24	static
../Core/Src/main.c:1270:6:UART_Respond	48	static
../Core/Src/main.c:1330:6:STM32_PetWatchdog	8	static
../Core/Src/main.c:1341:6:STM32_HandleButton	8	static
../Core/Src/main.c:1358:9:STM32_Wake_Button_Pressed	8	static
../Core/Src/main.c:1363:6:STM32_HandleInactivity	8	static
../Core/Src/main.c:1396:6:STM32_Stop	56	static
../Core/Src/main.c:1469:6:STM32_CheckForWatchdogReset	8	static
../Core/Src/main.c:1483:6:Sleep	8	static
../Core/Src/main.c:1523:6:STM32_UpdateFETLEDs	8	static
../Core/Src/main.c:1533:6:STM32_BlinkForever	16	static
../Core/Src/main.c:1541:9:STM32_ShouldStop	8	static
../Core/Src/main.c:1565:5:main	8	static
../Core/Src/main.c:1802:1:__io_putchar	16	static
../Core/Src/main.c:1823:13:EXTI0_1_IRQHandler_Config	32	static
../Core/Src/main.c:1845:13:EXTI2_3_IRQHandler_Config	32	static
../Core/Src/main.c:1866:6:SystemClock_Config	112	static
../Core/Src/main.c:1916:13:MX_ADC_Init	16	static
../Core/Src/main.c:1969:13:MX_I2C1_Init	8	static
../Core/Src/main.c:2019:13:SystemPower_Config	8	static
../Core/Src/main.c:2037:13:MX_IWDG_Init	8	static
../Core/Src/main.c:2064:13:MX_TIM2_Init	32	static
../Core/Src/main.c:2107:13:MX_USART2_UART_Init	8	static
../Core/Src/main.c:2138:13:MX_RTC_Init	8	static
../Core/Src/main.c:2171:13:MX_GPIO_Init	48	static
../Core/Src/main.c:2224:6:HAL_UARTEx_RxEventCallback	16	static
../Core/Src/main.c:2239:6:HAL_UART_ErrorCallback	16	static
../Core/Src/main.c:2281:6:Error_Handler	8	static,ignoring_inline_asm
