../Drivers/CMSIS/Include/core_cm0plus.h:983:34:__NVIC_SystemReset	8	static,ignoring_inline_asm
../Core/Src/main.c:236:6:delayUS	16	static
../Core/Src/main.c:242:6:delayMS	24	static
../Core/Src/main.c:248:6:CopyArray	32	static
../Core/Src/main.c:255:7:ReverseFloat	32	static
../Core/Src/main.c:269:10:FloatToUInt	16	static
../Core/Src/main.c:273:7:UIntToFloat	16	static
../Core/Src/main.c:277:7:unpackFloat	24	static
../Core/Src/main.c:284:15:Checksum	24	static
../Core/Src/main.c:298:15:CRC8	24	static
../Core/Src/main.c:320:6:I2C_WriteReg	96	static
../Core/Src/main.c:354:5:I2C_BQ769x2_ReadReg	136	static
../Core/Src/main.c:405:6:BQ769x2_SetRegister	40	static
../Core/Src/main.c:447:6:BQ769x2_CommandSubcommand	24	static
../Core/Src/main.c:461:6:BQ769x2_ReadReg	32	static
../Core/Src/main.c:478:6:BQ769x2_Subcommand	32	static
../Core/Src/main.c:516:6:BQ769x2_DirectCommand	32	static
../Core/Src/main.c:538:10:BQ769x2_ReadUnsignedRegister	16	static
../Core/Src/main.c:550:9:BQ769x2_ReadSignedRegister	16	static
../Core/Src/main.c:563:7:BQ769x2_ReadFloatRegister	24	static
../Core/Src/main.c:575:6:BQ769x2_Set_Confirm_Register	24	static
../Core/Src/main.c:590:6:BQ769x2_ReadBatteryStatus	8	static
../Core/Src/main.c:597:10:BQ769x2_ReadDeviceNumber	8	static
../Core/Src/main.c:603:6:BQ769x2_Configure	8	static
../Core/Src/main.c:758:9:BQ769x2_Initialize	8	static
../Core/Src/main.c:779:6:BQ769x2_ForceDisableFETs	8	static
../Core/Src/main.c:786:6:BQ769x2_AllowFETs	8	static
../Core/Src/main.c:793:6:BQ769x2_ReadFETStatus	8	static
../Core/Src/main.c:807:6:BQ769x2_SetShutdownPin	8	static
../Core/Src/main.c:813:6:BQ769x2_ResetShutdownPin	8	static
../Core/Src/main.c:820:9:BQ769x2_EnterDeepSleep	8	static
../Core/Src/main.c:833:9:BQ769x2_Wake	8	static
../Core/Src/main.c:850:6:BQ769x2_EnterShutDown	8	static
../Core/Src/main.c:858:6:BQ769x2_Reset	16	static
../Core/Src/main.c:869:9:BQ769x2_Ready	8	static
../Core/Src/main.c:879:6:BQ769x2_SoftWake	8	static
../Core/Src/main.c:890:10:BQ769x2_ReadAlarmStatus	8	static
../Core/Src/main.c:896:10:BQ769x2_ReadControlStatus	8	static
../Core/Src/main.c:902:10:BQ769x2_ReadRawAlarmStatus	8	static
../Core/Src/main.c:908:9:BQ769x2_ReadSafetyStatus	8	static
../Core/Src/main.c:934:6:BQ769x2_ReadPFStatus	8	static
../Core/Src/main.c:949:10:BQ769x2_ReadVoltage	16	static
../Core/Src/main.c:962:6:BQ769x2_ReadAllVoltages	16	static
../Core/Src/main.c:979:9:BQ769x2_ReadCurrent	8	static
../Core/Src/main.c:986:7:BQ769x2_ReadTemperature	16	static
../Core/Src/main.c:992:6:BQ769x2_ReadBalancingStatus	8	static
../Core/Src/main.c:997:6:BQ769x2_ReadPassQ	8	static
../Core/Src/main.c:1008:9:BQ769x2_ReadBatteryData	8	static
../Core/Src/main.c:1027:6:BQ769x2_CalcMinMaxCellV	24	static
../Core/Src/main.c:1049:6:BQ769x2_PrintStatus	112	static
../Core/Src/main.c:1082:10:UART_CRC	24	static
../Core/Src/main.c:1101:6:THVD2410_Sleep	8	static
../Core/Src/main.c:1106:6:THVD2410_Transmit	8	static
../Core/Src/main.c:1111:6:THVD2410_Receive	8	static
../Core/Src/main.c:1117:6:UART_WaitForCommand	16	static
../Core/Src/main.c:1137:9:UART_PrepCellVoltageMessage	32	static
../Core/Src/main.c:1171:9:UART_PrepCellBalancingMessage	40	static
../Core/Src/main.c:1215:9:UART_PrepBatteryStatusMessage1	24	static
../Core/Src/main.c:1241:9:UART_PrepBatteryStatusMessage2	24	static
../Core/Src/main.c:1263:6:UART_Respond	48	static
../Core/Src/main.c:1323:6:STM32_PetWatchdog	8	static
../Core/Src/main.c:1334:6:STM32_HandleButton	8	static
../Core/Src/main.c:1351:9:STM32_Wake_Button_Pressed	8	static
../Core/Src/main.c:1356:6:STM32_HandleInactivity	8	static
../Core/Src/main.c:1386:6:STM32_Stop	56	static
../Core/Src/main.c:1459:6:STM32_CheckForWatchdogReset	8	static
../Core/Src/main.c:1473:6:Sleep	8	static
../Core/Src/main.c:1513:6:STM32_UpdateFETLEDs	8	static
../Core/Src/main.c:1523:6:STM32_BlinkForever	16	static
../Core/Src/main.c:1531:9:STM32_ShouldStop	8	static
../Core/Src/main.c:1555:5:main	8	static
../Core/Src/main.c:1791:1:__io_putchar	16	static
../Core/Src/main.c:1812:13:EXTI0_1_IRQHandler_Config	32	static
../Core/Src/main.c:1834:13:EXTI2_3_IRQHandler_Config	32	static
../Core/Src/main.c:1855:6:SystemClock_Config	112	static
../Core/Src/main.c:1905:13:MX_ADC_Init	16	static
../Core/Src/main.c:1958:13:MX_I2C1_Init	8	static
../Core/Src/main.c:2008:13:SystemPower_Config	8	static
../Core/Src/main.c:2026:13:MX_IWDG_Init	8	static
../Core/Src/main.c:2053:13:MX_TIM2_Init	32	static
../Core/Src/main.c:2096:13:MX_USART2_UART_Init	8	static
../Core/Src/main.c:2127:13:MX_RTC_Init	8	static
../Core/Src/main.c:2160:13:MX_GPIO_Init	48	static
../Core/Src/main.c:2213:6:HAL_UARTEx_RxEventCallback	16	static
../Core/Src/main.c:2228:6:HAL_UART_ErrorCallback	16	static
../Core/Src/main.c:2270:6:Error_Handler	8	static,ignoring_inline_asm
